AccelStepper.cpp:327:6:virtual void AccelStepper::step(long int)	0	static
AccelStepper.cpp:478:6:virtual void AccelStepper::step6(long int)	0	static
AccelStepper.cpp:512:6:virtual void AccelStepper::step8(long int)	0	static
AccelStepper.cpp:365:6:virtual void AccelStepper::setOutputPins(uint8_t)	24	static
AccelStepper.cpp:390:6:virtual void AccelStepper::step1(long int)	8	static
AccelStepper.cpp:378:6:virtual void AccelStepper::step0(long int)	0	static
AccelStepper.cpp:407:6:virtual void AccelStepper::step2(long int)	0	static
AccelStepper.cpp:431:6:virtual void AccelStepper::step3(long int)	0	static
AccelStepper.cpp:453:6:virtual void AccelStepper::step4(long int)	0	static
AccelStepper.cpp:551:9:virtual void AccelStepper::disableOutputs()	8	static
AccelStepper.cpp:563:9:virtual void AccelStepper::enableOutputs()	8	static
AccelStepper.cpp:41:9:boolean AccelStepper::runSpeed()	16	static
AccelStepper.cpp:79:6:long int AccelStepper::distanceToGo()	0	static
AccelStepper.cpp:84:6:long int AccelStepper::targetPosition()	0	static
AccelStepper.cpp:89:6:long int AccelStepper::currentPosition()	0	static
AccelStepper.cpp:96:6:void AccelStepper::setCurrentPosition(long int)	0	static
AccelStepper.cpp:104:6:void AccelStepper::computeNewSpeed()	8	static
AccelStepper.cpp:23:6:void AccelStepper::moveTo(long int)	0	static
AccelStepper.cpp:33:6:void AccelStepper::move(long int)	0	static
AccelStepper.cpp:289:6:void AccelStepper::setAcceleration(float)	16	static
AccelStepper.cpp:191:9:boolean AccelStepper::run()	8	static
AccelStepper.cpp:198:1:AccelStepper::AccelStepper(uint8_t, uint8_t, uint8_t, uint8_t, uint8_t, bool)	24	static
AccelStepper.cpp:233:1:AccelStepper::AccelStepper(void (*)(), void (*)())	16	static
AccelStepper.cpp:267:6:void AccelStepper::setMaxSpeed(float)	16	static
AccelStepper.cpp:284:9:float AccelStepper::maxSpeed()	0	static
AccelStepper.cpp:289:6:void AccelStepper::setAcceleration(float)	0	static
AccelStepper.cpp:306:6:void AccelStepper::setSpeed(float)	16	static
AccelStepper.cpp:321:7:float AccelStepper::speed()	0	static
AccelStepper.cpp:587:6:void AccelStepper::setMinPulseWidth(unsigned int)	0	static
AccelStepper.cpp:592:6:void AccelStepper::setEnablePin(uint8_t)	8	static
AccelStepper.cpp:604:6:void AccelStepper::setPinsInverted(bool, bool, bool)	0	static
AccelStepper.cpp:611:6:void AccelStepper::setPinsInverted(bool, bool, bool, bool, bool)	0	static
AccelStepper.cpp:621:6:void AccelStepper::runToPosition()	8	static
AccelStepper.cpp:627:9:boolean AccelStepper::runSpeedToPosition()	0	static
AccelStepper.cpp:639:6:void AccelStepper::runToNewPosition(long int)	8	static
AccelStepper.cpp:645:6:void AccelStepper::stop()	24	static
AccelStepper.cpp:657:6:bool AccelStepper::isRunning()	0	static
