AccelStepperExtended.cpp:12:1:AccelStepperExtended::AccelStepperExtended(int, int)	32	static
AccelStepperExtended.cpp:20:6:void AccelStepperExtended::moveTo_mm(float)	0	static
AccelStepperExtended.cpp:25:6:void AccelStepperExtended::setCurrentPosition_mm(float)	0	static
AccelStepperExtended.cpp:31:6:void AccelStepperExtended::setMaxSpeed_mm(float)	0	static
AccelStepperExtended.cpp:40:6:void AccelStepperExtended::setMaxSpeed_cap_mm(float)	0	static
AccelStepperExtended.cpp:47:6:void AccelStepperExtended::setMaxSpeed_multiplier_mm(float)	0	static
AccelStepperExtended.cpp:53:6:void AccelStepperExtended::setAcceleration_mm(float)	0	static
AccelStepperExtended.cpp:58:6:void AccelStepperExtended::setStepsPer_mm(float)	0	static
AccelStepperExtended.cpp:63:7:float AccelStepperExtended::getMaxSpeed_mm()	8	static
