AccelStepper.cpp:320:6:virtual void AccelStepper::step(long int)	0	static
AccelStepper.cpp:471:6:virtual void AccelStepper::step6(long int)	0	static
AccelStepper.cpp:505:6:virtual void AccelStepper::step8(long int)	0	static
AccelStepper.cpp:358:6:virtual void AccelStepper::setOutputPins(uint8_t)	24	static
AccelStepper.cpp:383:6:virtual void AccelStepper::step1(long int)	8	static
AccelStepper.cpp:371:6:virtual void AccelStepper::step0(long int)	0	static
AccelStepper.cpp:400:6:virtual void AccelStepper::step2(long int)	0	static
AccelStepper.cpp:424:6:virtual void AccelStepper::step3(long int)	0	static
AccelStepper.cpp:446:6:virtual void AccelStepper::step4(long int)	0	static
AccelStepper.cpp:544:9:virtual void AccelStepper::disableOutputs()	8	static
AccelStepper.cpp:556:9:virtual void AccelStepper::enableOutputs()	8	static
AccelStepper.cpp:41:9:boolean AccelStepper::runSpeed()	16	static
AccelStepper.cpp:72:6:long int AccelStepper::distanceToGo()	0	static
AccelStepper.cpp:77:6:long int AccelStepper::targetPosition()	0	static
AccelStepper.cpp:82:6:long int AccelStepper::currentPosition()	0	static
AccelStepper.cpp:89:6:void AccelStepper::setCurrentPosition(long int)	0	static
AccelStepper.cpp:97:6:void AccelStepper::computeNewSpeed()	8	static
AccelStepper.cpp:23:6:void AccelStepper::moveTo(long int)	0	static
AccelStepper.cpp:33:6:void AccelStepper::move(long int)	0	static
AccelStepper.cpp:282:6:void AccelStepper::setAcceleration(float)	16	static
AccelStepper.cpp:184:9:boolean AccelStepper::run()	8	static
AccelStepper.cpp:191:1:AccelStepper::AccelStepper(uint8_t, uint8_t, uint8_t, uint8_t, uint8_t, bool)	24	static
AccelStepper.cpp:226:1:AccelStepper::AccelStepper(void (*)(), void (*)())	16	static
AccelStepper.cpp:260:6:void AccelStepper::setMaxSpeed(float)	16	static
AccelStepper.cpp:277:9:float AccelStepper::maxSpeed()	0	static
AccelStepper.cpp:282:6:void AccelStepper::setAcceleration(float)	0	static
AccelStepper.cpp:299:6:void AccelStepper::setSpeed(float)	16	static
AccelStepper.cpp:314:7:float AccelStepper::speed()	0	static
AccelStepper.cpp:580:6:void AccelStepper::setMinPulseWidth(unsigned int)	0	static
AccelStepper.cpp:585:6:void AccelStepper::setEnablePin(uint8_t)	8	static
AccelStepper.cpp:597:6:void AccelStepper::setPinsInverted(bool, bool, bool)	0	static
AccelStepper.cpp:604:6:void AccelStepper::setPinsInverted(bool, bool, bool, bool, bool)	0	static
AccelStepper.cpp:614:6:void AccelStepper::runToPosition()	8	static
AccelStepper.cpp:620:9:boolean AccelStepper::runSpeedToPosition()	0	static
AccelStepper.cpp:632:6:void AccelStepper::runToNewPosition(long int)	8	static
AccelStepper.cpp:638:6:void AccelStepper::stop()	24	static
AccelStepper.cpp:650:6:bool AccelStepper::isRunning()	0	static
