io.cpp:13:1:Simple_output::Simple_output(int)	0	static
io.cpp:19:6:void Simple_output::set(bool)	0	static
io.cpp:25:6:bool Simple_output::get()	0	static
io.cpp:30:1:Overloading_output::Overloading_output(int, int)	0	static
io.cpp:38:6:void Overloading_output::set(bool)	0	static
io.cpp:52:6:void Overloading_output::update()	0	static
io.cpp:70:6:bool Overloading_output::get()	0	static
io.cpp:75:1:Simple_input::Simple_input(int)	0	static
io.cpp:80:6:bool Simple_input::get()	8	static
io.cpp:85:1:Prelling_input::Prelling_input(int)	0	static
io.cpp:91:6:void Prelling_input::update()	8	static
io.cpp:107:6:bool Prelling_input::get()	0	static
