stm32f4xx_it.cpp:76:6:void NMI_Handler()	0	static
stm32f4xx_it.cpp:91:6:void HardFault_Handler()	0	static
stm32f4xx_it.cpp:106:6:void MemManage_Handler()	0	static
stm32f4xx_it.cpp:121:6:void BusFault_Handler()	0	static
stm32f4xx_it.cpp:136:6:void UsageFault_Handler()	0	static
stm32f4xx_it.cpp:151:6:void SVC_Handler()	0	static
stm32f4xx_it.cpp:164:6:void DebugMon_Handler()	0	static
stm32f4xx_it.cpp:177:6:void PendSV_Handler()	0	static
stm32f4xx_it.cpp:190:6:void SysTick_Handler()	0	static
stm32f4xx_it.cpp:211:6:void TIM3_IRQHandler()	8	static
stm32f4xx_it.cpp:225:6:void TIM4_IRQHandler()	8	static
stm32f4xx_it.cpp:239:6:void SPI1_IRQHandler()	0	static
stm32f4xx_it.cpp:253:6:void USART1_IRQHandler()	0	static
stm32f4xx_it.cpp:268:6:void DMA2_Stream2_IRQHandler()	0	static
