stm32f4xx_hal_msp.c:65:6:HAL_MspInit	8	static
stm32f4xx_hal_msp.c:87:6:HAL_ADC_MspInit	40	static
stm32f4xx_hal_msp.c:123:6:HAL_ADC_MspDeInit	0	static
stm32f4xx_hal_msp.c:154:6:HAL_I2C_MspInit	48	static
stm32f4xx_hal_msp.c:190:6:HAL_I2C_MspDeInit	8	static
stm32f4xx_hal_msp.c:221:6:HAL_SPI_MspInit	40	static
stm32f4xx_hal_msp.c:261:6:HAL_SPI_MspDeInit	8	static
stm32f4xx_hal_msp.c:293:6:HAL_TIM_Base_MspInit	24	static
stm32f4xx_hal_msp.c:343:6:HAL_TIM_Base_MspDeInit	0	static
stm32f4xx_hal_msp.c:393:6:HAL_UART_MspInit	48	static
stm32f4xx_hal_msp.c:451:6:HAL_UART_MspDeInit	8	static
